// Jest Snapshot v1, https://goo.gl/fbAQLP

exports[`<Languages /> Does not explode 1`] = `
<View
  style={
    Object {
      "backgroundColor": "#4f6d7a",
      "flex": 1,
    }
  }
>
  <View
    style={
      Array [
        Object {},
        Object {
          "backgroundColor": "#36505d",
        },
      ]
    }
  >
    <View
      style={
        Array [
          Object {
            "height": 20,
          },
          Object {
            "backgroundColor": "#36505d",
          },
        ]
      }
    />
    <View
      style={
        Array [
          Object {
            "display": "flex",
            "flexDirection": "row",
            "flexGrow": 1,
            "justifyContent": "space-between",
            "paddingBottom": 12,
            "paddingTop": 12,
          },
          Object {
            "backgroundColor": "#36505d",
          },
        ]
      }
    >
      <View
        style={
          Object {
            "alignItems": "flex-start",
            "justifyContent": "center",
            "paddingLeft": 6,
            "width": 250,
          }
        }
      >
        <View
          accessible={true}
          collapsable={false}
          focusable={true}
          onClick={[Function]}
          onResponderGrant={[Function]}
          onResponderMove={[Function]}
          onResponderRelease={[Function]}
          onResponderTerminate={[Function]}
          onResponderTerminationRequest={[Function]}
          onStartShouldSetResponder={[Function]}
          style={
            Object {
              "display": "flex",
              "flexDirection": "row",
              "opacity": 1,
            }
          }
          testID="back"
        >
          <Text
            allowFontScaling={false}
            selectable={false}
            style={
              Array [
                Object {
                  "color": "#eaedef",
                  "fontSize": 16,
                },
                undefined,
                Object {
                  "fontFamily": "Entypo",
                  "fontStyle": "normal",
                  "fontWeight": "normal",
                },
                Object {},
              ]
            }
          >
            
          </Text>
          <Text
            style={
              Object {
                "color": "#eaedef",
                "fontSize": 18,
                "lineHeight": 18,
              }
            }
          >
            Back
          </Text>
        </View>
      </View>
      <View
        style={
          Object {
            "alignItems": "center",
            "backgroundColor": "#36505d",
            "justifyContent": "center",
            "width": 250,
          }
        }
      >
        <Text
          ellipsizeMode="tail"
          numberOfLines={1}
          style={
            Object {
              "color": "#eaedef",
              "fontSize": 18,
              "lineHeight": 18,
            }
          }
        >
          Languages
        </Text>
      </View>
      <View
        style={
          Object {
            "alignItems": "flex-end",
            "justifyContent": "center",
            "paddingRight": 6,
            "width": 250,
          }
        }
      />
    </View>
  </View>
  <RCTSafeAreaView
    emulateUnlessSupported={true}
  >
    <RCTScrollView>
      <View>
        <View
          accessible={true}
          collapsable={false}
          focusable={true}
          onClick={[Function]}
          onResponderGrant={[Function]}
          onResponderMove={[Function]}
          onResponderRelease={[Function]}
          onResponderTerminate={[Function]}
          onResponderTerminationRequest={[Function]}
          onStartShouldSetResponder={[Function]}
          style={
            Object {
              "alignItems": "center",
              "backgroundColor": "#8499a2",
              "flexDirection": "row",
              "justifyContent": "space-between",
              "opacity": 1,
              "paddingHorizontal": 20,
              "paddingVertical": 16,
            }
          }
          testID="en"
        >
          <Text
            style={
              Object {
                "color": "#eaedef",
                "fontSize": 16,
              }
            }
          >
            English
          </Text>
          <View
            style={
              Object {
                "flexDirection": "row",
              }
            }
          >
            <View
              style={
                Object {
                  "marginRight": 12,
                }
              }
            >
              <Text
                allowFontScaling={false}
                selectable={false}
                style={
                  Array [
                    Object {
                      "color": "#eaedef",
                      "fontSize": 20,
                    },
                    undefined,
                    Object {
                      "fontFamily": "Entypo",
                      "fontStyle": "normal",
                      "fontWeight": "normal",
                    },
                    Object {},
                  ]
                }
              >
                
              </Text>
            </View>
            <View>
              <Image
                source={
                  Object {
                    "process": [Function],
                  }
                }
              />
            </View>
          </View>
        </View>
        <View
          style={
            Object {
              "height": 0.5,
            }
          }
        />
        <View
          accessible={true}
          collapsable={false}
          focusable={true}
          onClick={[Function]}
          onResponderGrant={[Function]}
          onResponderMove={[Function]}
          onResponderRelease={[Function]}
          onResponderTerminate={[Function]}
          onResponderTerminationRequest={[Function]}
          onStartShouldSetResponder={[Function]}
          style={
            Object {
              "alignItems": "center",
              "backgroundColor": "#8499a2",
              "flexDirection": "row",
              "justifyContent": "space-between",
              "opacity": 1,
              "paddingHorizontal": 20,
              "paddingVertical": 16,
            }
          }
          testID="ur"
        >
          <Text
            style={
              Object {
                "color": "#eaedef",
                "fontSize": 16,
              }
            }
          >
            اردو
          </Text>
          <View
            style={
              Object {
                "flexDirection": "row",
              }
            }
          >
            <View>
              <Image
                source={
                  Object {
                    "process": [Function],
                  }
                }
              />
            </View>
          </View>
        </View>
        <View
          style={
            Object {
              "height": 0.5,
            }
          }
        />
      </View>
    </RCTScrollView>
  </RCTSafeAreaView>
</View>
`;
